2023-03-27 11:02:46,054:INFO:Starting test...
2023-03-27 11:05:28,803:INFO:Starting test...
2023-03-27 11:05:28,977:WARNING:Incompatible release of chromedriver (version 89.0.4389.23) detected in PATH: /usr/local/bin/chromedriver
